---
source: cw-orch/src/snapshots.rs
expression: all_storage
---
counter_contract:
  - - contract_info
    - "{\"contract\":\"crates.io:counter\",\"version\":\"0.11.0\"}"
  - - state
    - "{\"count\":1,\"owner\":\"sender\"}"
second-counter-contract:
  - - contract_info
    - "{\"contract\":\"crates.io:counter\",\"version\":\"0.11.0\"}"
  - - state
    - "{\"count\":4,\"owner\":\"sender\"}"
third-counter-contract:
  - - contract_info
    - "{\"contract\":\"crates.io:counter\",\"version\":\"0.11.0\"}"
  - - state
    - "{\"count\":3,\"owner\":\"sender\"}"

